Info: Starting: Create block symbol file (.bsf)
Info: qsys-generate C:\code\miha\soc\theGame\TheGamePD.qsys --block-symbol-file --output-directory=C:\code\miha\soc\theGame\TheGamePD --family="Cyclone V" --part=5CSXFC6D6F31C6
Progress: Loading theGame/TheGamePD.qsys
Progress: Reading input file
Progress: Adding avalon_MM_export_bridge_0 [avalon_MM_export_bridge 1.0]
Progress: Parameterizing module avalon_MM_export_bridge_0
Progress: Adding clk_0 [clock_source 18.1]
Progress: Parameterizing module clk_0
Progress: Adding hps_0 [altera_hps 18.1]
Progress: Parameterizing module hps_0
Progress: Adding pio_in [altera_avalon_pio 18.1]
Progress: Parameterizing module pio_in
Progress: Adding pll_0 [altera_pll 18.1]
Progress: Parameterizing module pll_0
Progress: Building connections
Progress: Parameterizing connections
Progress: Validating
Progress: Done reading input file
Info: TheGamePD.hps_0: HPS Main PLL counter settings: n = 0  m = 73
Info: TheGamePD.hps_0: HPS peripherial PLL counter settings: n = 0  m = 39
Warning: TheGamePD.hps_0: "Configuration/HPS-to-FPGA user 0 clock frequency" (desired_cfg_clk_mhz) requested 100.0 MHz, but only achieved 97.368421 MHz
Warning: TheGamePD.hps_0: "QSPI clock frequency" (desired_qspi_clk_mhz) requested 400.0 MHz, but only achieved 370.0 MHz
Warning: TheGamePD.hps_0: 1 or more output clock frequencies cannot be achieved precisely, consider revising desired output clock frequencies.
Info: TheGamePD.pio_in: PIO inputs are not hardwired in test bench. Undefined values will be read from PIO inputs during simulation.
Info: TheGamePD.pll_0: The legal reference clock frequency is 5.0 MHz..800.0 MHz
Info: TheGamePD.pll_0: Able to implement PLL with user settings
Warning: TheGamePD.pll_0: pll_0.locked must be exported, or connected to a matching conduit.
Info: qsys-generate succeeded.
Info: Finished: Create block symbol file (.bsf)
Info: 
Info: Starting: Create HDL design files for synthesis
Info: qsys-generate C:\code\miha\soc\theGame\TheGamePD.qsys --synthesis=VHDL --output-directory=C:\code\miha\soc\theGame\TheGamePD\synthesis --family="Cyclone V" --part=5CSXFC6D6F31C6
Progress: Loading theGame/TheGamePD.qsys
Progress: Reading input file
Progress: Adding avalon_MM_export_bridge_0 [avalon_MM_export_bridge 1.0]
Progress: Parameterizing module avalon_MM_export_bridge_0
Progress: Adding clk_0 [clock_source 18.1]
Progress: Parameterizing module clk_0
Progress: Adding hps_0 [altera_hps 18.1]
Progress: Parameterizing module hps_0
Progress: Adding pio_in [altera_avalon_pio 18.1]
Progress: Parameterizing module pio_in
Progress: Adding pll_0 [altera_pll 18.1]
Progress: Parameterizing module pll_0
Progress: Building connections
Progress: Parameterizing connections
Progress: Validating
Progress: Done reading input file
Info: TheGamePD.hps_0: HPS Main PLL counter settings: n = 0  m = 73
Info: TheGamePD.hps_0: HPS peripherial PLL counter settings: n = 0  m = 39
Warning: TheGamePD.hps_0: "Configuration/HPS-to-FPGA user 0 clock frequency" (desired_cfg_clk_mhz) requested 100.0 MHz, but only achieved 97.368421 MHz
Warning: TheGamePD.hps_0: "QSPI clock frequency" (desired_qspi_clk_mhz) requested 400.0 MHz, but only achieved 370.0 MHz
Warning: TheGamePD.hps_0: 1 or more output clock frequencies cannot be achieved precisely, consider revising desired output clock frequencies.
Info: TheGamePD.pio_in: PIO inputs are not hardwired in test bench. Undefined values will be read from PIO inputs during simulation.
Info: TheGamePD.pll_0: The legal reference clock frequency is 5.0 MHz..800.0 MHz
Info: TheGamePD.pll_0: Able to implement PLL with user settings
Warning: TheGamePD.pll_0: pll_0.locked must be exported, or connected to a matching conduit.
Info: TheGamePD: Generating TheGamePD "TheGamePD" for QUARTUS_SYNTH
Info: Interconnect is inserted between master hps_0.h2f_axi_master and slave avalon_MM_export_bridge_0.mmi because the master is of type axi and the slave is of type avalon.
Info: Interconnect is inserted between master hps_0.h2f_lw_axi_master and slave pio_in.s1 because the master is of type axi and the slave is of type avalon.
Warning: hps_0.f2h_irq0: Cannot connect clock for irq_mapper.sender
Warning: hps_0.f2h_irq0: Cannot connect reset for irq_mapper.sender
Warning: hps_0.f2h_irq1: Cannot connect clock for irq_mapper_001.sender
Warning: hps_0.f2h_irq1: Cannot connect reset for irq_mapper_001.sender
Info: avalon_MM_export_bridge_0: "TheGamePD" instantiated avalon_MM_export_bridge "avalon_MM_export_bridge_0"
Info: hps_0: "Running  for module: hps_0"
Info: hps_0: HPS Main PLL counter settings: n = 0  m = 73
Info: hps_0: HPS peripherial PLL counter settings: n = 0  m = 39
Warning: hps_0: "Configuration/HPS-to-FPGA user 0 clock frequency" (desired_cfg_clk_mhz) requested 100.0 MHz, but only achieved 97.368421 MHz
Warning: hps_0: "QSPI clock frequency" (desired_qspi_clk_mhz) requested 400.0 MHz, but only achieved 370.0 MHz
Warning: hps_0: 1 or more output clock frequencies cannot be achieved precisely, consider revising desired output clock frequencies.
Info: hps_0: "TheGamePD" instantiated altera_hps "hps_0"
Info: pio_in: Starting RTL generation for module 'TheGamePD_pio_in'
Info: pio_in:   Generation command is [exec C:/intelfpga_lite/18.1/quartus/bin64/perl/bin/perl.exe -I C:/intelfpga_lite/18.1/quartus/bin64/perl/lib -I C:/intelfpga_lite/18.1/quartus/sopc_builder/bin/europa -I C:/intelfpga_lite/18.1/quartus/sopc_builder/bin/perl_lib -I C:/intelfpga_lite/18.1/quartus/sopc_builder/bin -I C:/intelfpga_lite/18.1/quartus/../ip/altera/sopc_builder_ip/common -I C:/intelfpga_lite/18.1/quartus/../ip/altera/sopc_builder_ip/altera_avalon_pio -- C:/intelfpga_lite/18.1/quartus/../ip/altera/sopc_builder_ip/altera_avalon_pio/generate_rtl.pl --name=TheGamePD_pio_in --dir=C:/Users/bzuko01/AppData/Local/Temp/alt9083_7402139980754031919.dir/0005_pio_in_gen/ --quartus_dir=C:/intelfpga_lite/18.1/quartus --verilog --config=C:/Users/bzuko01/AppData/Local/Temp/alt9083_7402139980754031919.dir/0005_pio_in_gen//TheGamePD_pio_in_component_configuration.pl  --do_build_sim=0  ]
Info: pio_in: Done RTL generation for module 'TheGamePD_pio_in'
Info: pio_in: "TheGamePD" instantiated altera_avalon_pio "pio_in"
Info: pll_0: "TheGamePD" instantiated altera_pll "pll_0"
Info: avalon_st_adapter: Inserting error_adapter: error_adapter_0
Info: mm_interconnect_0: "TheGamePD" instantiated altera_mm_interconnect "mm_interconnect_0"
Info: avalon_st_adapter: Inserting error_adapter: error_adapter_0
Info: mm_interconnect_1: "TheGamePD" instantiated altera_mm_interconnect "mm_interconnect_1"
Info: irq_mapper: "TheGamePD" instantiated altera_irq_mapper "irq_mapper"
Info: rst_controller: "TheGamePD" instantiated altera_reset_controller "rst_controller"
Info: fpga_interfaces: "hps_0" instantiated altera_interface_generator "fpga_interfaces"
Info: hps_io: "hps_0" instantiated altera_hps_io "hps_io"
Info: avalon_MM_export_bridge_0_mmi_translator: "mm_interconnect_0" instantiated altera_merlin_slave_translator "avalon_MM_export_bridge_0_mmi_translator"
Info: hps_0_h2f_axi_master_agent: "mm_interconnect_0" instantiated altera_merlin_axi_master_ni "hps_0_h2f_axi_master_agent"
Info: avalon_MM_export_bridge_0_mmi_agent: "mm_interconnect_0" instantiated altera_merlin_slave_agent "avalon_MM_export_bridge_0_mmi_agent"
Info: avalon_MM_export_bridge_0_mmi_agent_rsp_fifo: "mm_interconnect_0" instantiated altera_avalon_sc_fifo "avalon_MM_export_bridge_0_mmi_agent_rsp_fifo"
Info: router: "mm_interconnect_0" instantiated altera_merlin_router "router"
Info: router_002: "mm_interconnect_0" instantiated altera_merlin_router "router_002"
Info: avalon_MM_export_bridge_0_mmi_burst_adapter: "mm_interconnect_0" instantiated altera_merlin_burst_adapter "avalon_MM_export_bridge_0_mmi_burst_adapter"
Info: Reusing file C:/code/miha/soc/theGame/TheGamePD/synthesis/submodules/altera_merlin_address_alignment.sv
Info: cmd_demux: "mm_interconnect_0" instantiated altera_merlin_demultiplexer "cmd_demux"
Info: cmd_mux: "mm_interconnect_0" instantiated altera_merlin_multiplexer "cmd_mux"
Info: rsp_demux: "mm_interconnect_0" instantiated altera_merlin_demultiplexer "rsp_demux"
Info: rsp_mux: "mm_interconnect_0" instantiated altera_merlin_multiplexer "rsp_mux"
Info: Reusing file C:/code/miha/soc/theGame/TheGamePD/synthesis/submodules/altera_merlin_arbitrator.sv
Info: avalon_MM_export_bridge_0_mmi_rsp_width_adapter: "mm_interconnect_0" instantiated altera_merlin_width_adapter "avalon_MM_export_bridge_0_mmi_rsp_width_adapter"
Info: Reusing file C:/code/miha/soc/theGame/TheGamePD/synthesis/submodules/altera_merlin_address_alignment.sv
Info: Reusing file C:/code/miha/soc/theGame/TheGamePD/synthesis/submodules/altera_merlin_burst_uncompressor.sv
Info: avalon_st_adapter: "mm_interconnect_0" instantiated altera_avalon_st_adapter "avalon_st_adapter"
Info: router: "mm_interconnect_1" instantiated altera_merlin_router "router"
Info: router_002: "mm_interconnect_1" instantiated altera_merlin_router "router_002"
Info: cmd_demux: "mm_interconnect_1" instantiated altera_merlin_demultiplexer "cmd_demux"
Info: cmd_mux: "mm_interconnect_1" instantiated altera_merlin_multiplexer "cmd_mux"
Info: Reusing file C:/code/miha/soc/theGame/TheGamePD/synthesis/submodules/altera_merlin_arbitrator.sv
Info: rsp_demux: "mm_interconnect_1" instantiated altera_merlin_demultiplexer "rsp_demux"
Info: rsp_mux: "mm_interconnect_1" instantiated altera_merlin_multiplexer "rsp_mux"
Info: Reusing file C:/code/miha/soc/theGame/TheGamePD/synthesis/submodules/altera_merlin_arbitrator.sv
Info: border: "hps_io" instantiated altera_interface_generator "border"
Info: error_adapter_0: "avalon_st_adapter" instantiated error_adapter "error_adapter_0"
Info: TheGamePD: Done "TheGamePD" with 32 modules, 89 files
Info: qsys-generate succeeded.
Info: Finished: Create HDL design files for synthesis
